Some(16)
(QTreeLeaf(UserValue(Some(8))),16)
(QTreeLeaf(Dummy),0)
(QTreeNode(QTreeNode(QTreeLeaf(UserValue(Some(4))),QTreeLeaf(UserValue(Some(5))),QTreeLeaf(UserValue(None)),QTreeLeaf(UserValue(None))),QTreeNode(QTreeLeaf(UserValue(Some(6))),QTreeLeaf(UserValue(None)),QTreeLeaf(UserValue(None)),QTreeLeaf(UserValue(None))),QTreeNode(QTreeLeaf(UserValue(Some(12))),QTreeLeaf(UserValue(Some(15))),QTreeLeaf(UserValue(None)),QTreeLeaf(UserValue(None))),QTreeNode(QTreeLeaf(UserValue(Some(18))),QTreeLeaf(UserValue(None)),QTreeLeaf(UserValue(None)),QTreeLeaf(UserValue(None)))),6)
(QTreeNode(QTreeNode(QTreeLeaf(UserValue(None)),QTreeLeaf(UserValue(None)),QTreeLeaf(UserValue(None)),QTreeLeaf(UserValue(Some(1)))),QTreeNode(QTreeLeaf(UserValue(Some(1))),QTreeLeaf(Dummy),QTreeLeaf(UserValue(None)),QTreeLeaf(Dummy)),QTreeNode(QTreeLeaf(UserValue(Some(1))),QTreeLeaf(UserValue(None)),QTreeLeaf(Dummy),QTreeLeaf(Dummy)),QTreeNode(QTreeLeaf(UserValue(None)),QTreeLeaf(Dummy),QTreeLeaf(Dummy),QTreeLeaf(Dummy))),3)
(BTreeNode(BTreeLeaf(UserValue(Some(6))),BTreeNode(BTreeLeaf(UserValue(Some(14))),BTreeLeaf(UserValue(Some(10))))),4)
